[2025-04-30 00:01:23] INFO: IP: ::1 | GET /logs?date= | Body: undefined
[2025-04-30 00:01:30] INFO: IP: ::1 | GET /logs?date= | Body: undefined
[2025-04-30 00:01:52] INFO: IP: ::1 | GET /logs?date= | Body: undefined
[2025-04-30 00:02:07] INFO: IP: ::1 | GET /logs?date= | Body: undefined
[2025-04-30 00:02:08] INFO: IP: ::1 | GET /logs?date= | Body: undefined
[2025-04-30 00:02:08] INFO: IP: ::1 | GET /logs?date= | Body: undefined
[2025-04-30 00:02:11] INFO: IP: ::1 | GET /logs?date= | Body: undefined
[2025-04-30 00:02:27] INFO: IP: ::1 | GET /logs?date= | Body: undefined
[2025-04-30 00:02:28] INFO: IP: ::1 | GET /logs?date= | Body: undefined
[2025-04-30 00:02:32] INFO: IP: ::1 | GET /logs?date= | Body: undefined
[2025-04-30 00:02:39] INFO: IP: ::1 | GET /logs?date= | Body: undefined
[2025-04-30 00:02:48] INFO: IP: ::1 | GET /logs?date= | Body: undefined
[2025-04-30 00:02:56] INFO: IP: ::1 | GET /logs?date= | Body: undefined
[2025-04-30 00:03:05] INFO: IP: ::1 | GET /logs?date= | Body: undefined
[2025-04-30 00:03:11] INFO: IP: ::1 | GET /logs?date= | Body: undefined
[2025-04-30 00:03:12] INFO: IP: ::1 | GET /logs?date= | Body: undefined
[2025-04-30 00:03:15] INFO: IP: ::1 | GET /logs?date= | Body: undefined
[2025-04-30 00:03:23] INFO: IP: ::1 | GET /users | Body: undefined
[2025-04-30 00:03:24] INFO: IP: ::1 | GET /logs?date= | Body: undefined
[2025-04-30 00:03:25] INFO: IP: ::1 | GET /users | Body: undefined
[2025-04-30 00:03:28] INFO: IP: ::1 | DELETE /users/66 | Body: undefined
[2025-04-30 00:03:28] INFO: IP: ::1 | GET /users | Body: undefined
[2025-04-30 00:03:29] INFO: IP: ::1 | GET /logs?date= | Body: undefined
[2025-04-30 00:03:31] INFO: IP: ::1 | GET /logs?date= | Body: undefined
[2025-04-30 00:03:31] INFO: IP: ::1 | GET /logs?date= | Body: undefined
[2025-04-30 00:03:31] INFO: IP: ::1 | GET /logs?date= | Body: undefined
[2025-04-30 00:03:33] INFO: IP: ::1 | GET /logs?date= | Body: undefined
[2025-04-30 00:03:38] INFO: IP: ::1 | GET /logs | Body: {"method":"Post","url":"logs","body":"{dsadklj}"}
[2025-04-30 00:04:12] INFO: IP: ::1 | GET /logs | Body: {"method":"Post","url":"logs","body":"{dsadklj}"}
[2025-04-30 00:04:13] INFO: IP: ::1 | GET /logs | Body: {"method":"Post","url":"logs","body":"{dsadklj}"}
[2025-04-30 00:04:14] INFO: IP: ::1 | GET /logs | Body: {"method":"Post","url":"logs","body":"{dsadklj}"}
[2025-04-30 00:04:15] INFO: IP: ::1 | GET /logs | Body: {"method":"Post","url":"logs","body":"{dsadklj}"}
[2025-04-30 00:05:01] INFO: IP: ::1 | GET /logs?data=2025-04-30 | Body: {"method":"Post","url":"logs","body":"{dsadklj}"}
[2025-04-30 00:05:11] INFO: IP: ::1 | GET /logs | Body: {"method":"Post","url":"logs","body":"{dsadklj}"}
[2025-04-30 08:44:28] INFO: IP: ::1 | GET /logs?date= | Body: undefined
[2025-04-30 08:44:36] INFO: IP: ::1 | GET /logs?date= | Body: undefined
[2025-04-30 08:44:40] INFO: IP: ::1 | GET /users | Body: undefined
[2025-04-30 08:44:51] INFO: IP: ::1 | POST /users | Body: {"email":"sawd@gmail.com","password":"dsa","username":"dsa"}
[2025-04-30 08:44:51] INFO: IP: ::1 | GET /users | Body: undefined
[2025-04-30 08:44:54] INFO: IP: ::1 | GET /logs?date= | Body: undefined
[2025-04-30 08:45:33] INFO: IP: ::1 | GET /logs | Body: {"method":"Post","url":"logs","body":"{dsadklj}"}
[2025-04-30 08:57:05] INFO: IP: ::1 | GET /logs | Body: {"method":"Post","url":"logs","body":"{dsadklj}"}
[2025-04-30 08:57:45] INFO: IP: ::1 | GET /logs?date= | Body: undefined
[2025-04-30 08:57:46] INFO: IP: ::1 | GET /users | Body: undefined
[2025-04-30 08:57:48] INFO: IP: ::1 | DELETE /users/67 | Body: undefined
[2025-04-30 08:57:48] INFO: IP: ::1 | GET /users | Body: undefined
[2025-04-30 08:58:26] INFO: IP: ::ffff:192.168.79.101 | GET /users | Body: undefined
[2025-04-30 08:58:27] INFO: IP: ::ffff:192.168.79.101 | GET /users | Body: undefined
[2025-04-30 08:58:27] INFO: IP: ::ffff:192.168.79.101 | GET /users | Body: undefined
[2025-04-30 08:58:28] INFO: IP: ::ffff:192.168.79.101 | GET /users | Body: undefined
[2025-04-30 08:58:28] INFO: IP: ::ffff:192.168.79.101 | GET /users | Body: undefined
[2025-04-30 08:58:28] INFO: IP: ::ffff:192.168.79.101 | GET /users | Body: undefined
[2025-04-30 08:59:01] INFO: IP: ::1 | GET /users | Body: undefined
[2025-04-30 08:59:05] INFO: IP: ::1 | GET /logs?date= | Body: undefined
[2025-04-30 08:59:27] INFO: IP: ::ffff:192.168.79.101 | DELETE /users/68 | Body: undefined
[2025-04-30 08:59:27] INFO: IP: ::ffff:192.168.79.101 | GET /users | Body: undefined
[2025-04-30 08:59:29] INFO: IP: ::1 | GET /logs?date= | Body: undefined
[2025-04-30 08:59:54] INFO: IP: ::ffff:192.168.79.101 | POST /users | Body: {"username":"gbhe","email":"hjdn@gmail.com","password":"123"}
[2025-04-30 08:59:55] INFO: IP: ::ffff:192.168.79.101 | GET /users | Body: undefined
[2025-04-30 08:59:57] INFO: IP: ::1 | GET /logs?date= | Body: undefined
[2025-04-30 09:00:08] INFO: IP: ::1 | GET /users | Body: undefined
[2025-04-30 09:00:32] INFO: IP: ::1 | DELETE /users/69 | Body: undefined
[2025-04-30 09:00:32] INFO: IP: ::1 | GET /users | Body: undefined
[2025-04-30 09:00:35] INFO: IP: ::1 | GET /logs?date= | Body: undefined
[2025-04-30 09:01:09] INFO: IP: ::1 | GET /users | Body: undefined
[2025-04-30 09:01:11] INFO: IP: ::1 | GET /users | Body: undefined
[2025-04-30 09:01:18] INFO: IP: ::1 | GET /logs?date= | Body: undefined
[2025-04-30 09:01:41] INFO: IP: ::1 | GET /logs?date=1745892098495 | Body: undefined
[2025-04-30 09:01:46] INFO: IP: ::1 | GET /logs?date=1745978505528 | Body: undefined
[2025-04-30 09:01:48] INFO: IP: ::1 | GET /logs?date= | Body: undefined
[2025-04-30 09:06:58] INFO: IP: ::1 | GET /logs | Body: {"method":"Post","url":"logs","body":"{dsadklj}"}
[2025-04-30 09:07:15] INFO: IP: ::1 | GET /logs | Body: {"method":"Post","url":"logs","body":"{dsadklj}"}
[2025-04-30 09:07:16] INFO: IP: ::1 | GET /logs | Body: {"method":"Post","url":"logs","body":"{dsadklj}"}
[2025-04-30 09:07:17] INFO: IP: ::1 | GET /logs | Body: {"method":"Post","url":"logs","body":"{dsadklj}"}
[2025-04-30 09:08:20] INFO: IP: ::1 | GET /logs | Body: {"method":"Post","url":"logs","body":"{dsadklj}"}
[2025-04-30 09:08:42] INFO: IP: ::1 | GET /logs?date= | Body: undefined
[2025-04-30 09:12:31] INFO: IP: ::1 | GET /logs | Body: {"method":"Post","url":"logs","body":"{dsadklj}"}
[2025-04-30 09:12:32] INFO: IP: ::1 | GET /logs | Body: {"method":"Post","url":"logs","body":"{dsadklj}"}
[2025-04-30 09:12:33] INFO: IP: ::1 | GET /logs | Body: {"method":"Post","url":"logs","body":"{dsadklj}"}
[2025-04-30 09:13:39] INFO: IP: ::1 | GET /logs | Body: {"method":"Post","url":"logs","body":"{dsadklj}"}
[2025-04-30 09:13:40] INFO: IP: ::1 | GET /logs | Body: {"method":"Post","url":"logs","body":"{dsadklj}"}
[2025-04-30 09:13:41] INFO: IP: ::1 | GET /logs | Body: {"method":"Post","url":"logs","body":"{dsadklj}"}
[2025-04-30 09:15:59] INFO: IP: ::1 | GET /logs | Body: {"method":"Post","url":"logs","body":"{dsadklj}"}
[2025-04-30 09:16:35] INFO: IP: ::1 | GET /logs | Body: {"method":"Post","url":"logs","body":"{dsadklj}"}
[2025-04-30 09:18:54] INFO: IP: ::1 | GET /users | Body: undefined
[2025-04-30 09:18:56] INFO: IP: ::1 | GET /logs?date= | Body: undefined
[2025-04-30 09:20:47] INFO: IP: ::1 | GET /logs | Body: {"method":"Post","url":"logs","body":"{dsadklj}"}
[2025-04-30 09:21:16] INFO: IP: ::1 | POST /users | Body: {"email":"adsa@gmail.com","password":"123","username":"dsawd"}
[2025-04-30 09:21:16] INFO: IP: ::1 | GET /users | Body: undefined
[2025-04-30 09:21:20] INFO: IP: ::1 | GET /logs | Body: {"method":"Post","url":"logs","body":"{dsadklj}"}
[2025-04-30 09:24:38] INFO: IP: ::1 | GET /logs | Body: {"method":"Post","url":"logs","body":"{dsadklj}"}
[2025-04-30 09:26:14] INFO: IP: ::1 | GET /logs | Body: {"method":"Post","url":"logs","body":"{dsadklj}"}
[2025-04-30 09:27:42] INFO: IP: ::1 | GET /logs | Body: {"method":"Post","url":"logs","body":"{dsadklj}"}
[2025-04-30 09:28:30] INFO: IP: ::1 | GET /logs | Body: {"method":"Post","url":"logs","body":"{dsadklj}"}
[2025-04-30 09:29:12] INFO: IP: ::1 | GET /logs | Body: {"method":"Post","url":"logs","body":"{dsadklj}"}
[2025-04-30 09:29:28] INFO: IP: ::1 | GET /logs | Body: {"method":"Post","url":"logs","body":"{dsadklj}"}
[2025-04-30 09:31:53] INFO: IP: ::1 | GET /logs | Body: {"method":"Post","url":"logs","body":"{dsadklj}"}
[2025-04-30 09:32:30] INFO: IP: ::1 | GET /logs | Body: {"method":"Post","url":"logs","body":"{dsadklj}"}
[2025-04-30 09:32:54] INFO: IP: ::1 | GET /logs | Body: {"method":"Post","url":"logs","body":"{dsadklj}"}
[2025-04-30 09:33:23] INFO: IP: ::1 | GET /logs | Body: {"method":"Post","url":"logs","body":"{dsadklj}"}
[2025-04-30 09:33:27] INFO: IP: ::1 | GET /logs?date= | Body: undefined
[2025-04-30 09:33:29] INFO: IP: ::1 | GET /logs?date= | Body: undefined
[2025-04-30 09:34:19] INFO: IP: ::1 | GET /logs | Body: {"method":"Post","url":"logs","body":"{dsadklj}"}
[2025-04-30 09:34:20] INFO: IP: ::1 | GET /logs | Body: {"method":"Post","url":"logs","body":"{dsadklj}"}
[2025-04-30 09:36:34] INFO: IP: ::1 | GET /logs | Body: {"method":"Post","url":"logs","body":"{dsadklj}"}
[2025-04-30 09:36:38] INFO: IP: ::1 | GET /logs | Body: {"method":"Post","url":"logs","body":"{dsadklj}"}
[2025-04-30 09:37:28] INFO: IP: ::1 | GET /logs | Body: {"method":"Post","url":"logs","body":"{dsadklj}"}
[2025-04-30 09:38:06] INFO: IP: ::1 | GET /logs | Body: {"method":"Post","url":"logs","body":"{dsadklj}"}
[2025-04-30 09:38:20] INFO: IP: ::1 | GET /logs?date= | Body: undefined
[2025-04-30 09:38:20] INFO: IP: ::1 | GET /logs?date= | Body: undefined
[2025-04-30 09:38:21] INFO: IP: ::1 | GET /logs?date= | Body: undefined
[2025-04-30 09:38:21] INFO: IP: ::1 | GET /logs?date= | Body: undefined
[2025-04-30 09:39:04] INFO: IP: ::1 | GET /logs?date= | Body: undefined
[2025-04-30 09:39:04] INFO: IP: ::1 | GET /logs?date= | Body: undefined
[2025-04-30 09:39:04] INFO: IP: ::1 | GET /logs?date= | Body: undefined
[2025-04-30 09:39:04] INFO: IP: ::1 | GET /logs?date= | Body: undefined
[2025-04-30 09:39:40] INFO: IP: ::1 | GET /users | Body: undefined
[2025-04-30 09:39:43] INFO: IP: ::1 | GET /users | Body: undefined
[2025-04-30 09:39:46] INFO: IP: ::1 | GET /users | Body: undefined
[2025-04-30 09:39:55] INFO: IP: ::1 | GET /logs?date= | Body: undefined
[2025-04-30 09:40:02] INFO: IP: ::1 | POST /users | Body: {"email":"test@gmail.com","password":"213","username":"dsawd"}
[2025-04-30 09:40:02] INFO: IP: ::1 | GET /users | Body: undefined
[2025-04-30 09:40:04] INFO: IP: ::1 | GET /logs?date= | Body: undefined
[2025-04-30 09:40:12] INFO: IP: ::ffff:192.168.79.101 | GET /users | Body: undefined
[2025-04-30 09:40:16] INFO: IP: ::1 | GET /logs?date= | Body: undefined
